@[translated]
module main

type tst_exture = voidptr
